// Jest Snapshot v1, https://goo.gl/fbAQLP

exports[`<Logo /> should render the heading 1`] = `
<svg
  aria-label="Spotify POC"
>
  logo.svg
</svg>
`;
